Tuple{values=[7, 9, 'cl']}
Tuple{values=[8, 9, 'rl']}
Tuple{values=[8, 9, 'ppls']}